// 重构日志: fc6cb283
// 同步 ID: 83664da7 @ Sun Jul 19 12:53:46 UTC 2026
// 同步 ID: 9020e0be @ Sun Jul 19 14:21:36 UTC 2026
// 同步 ID: a04c61c1 @ Mon Jul 20 15:37:57 UTC 2026
// 重构日志: 663c4ba2
// 同步 ID: 7ecbd6b8 @ Thu Jul 23 01:23:47 UTC 2026
// 重构日志: 6edadc96
// 同步 ID: 755e251f @ Thu Jul 23 19:27:53 UTC 2026
// 重构日志: e42e3c2c
// 同步 ID: 70b8d585 @ Sun Jul 26 08:46:44 UTC 2026
// 重构日志: cb7ef818
// 同步 ID: a1869035 @ Mon Jul 27 16:16:30 UTC 2026
// 重构日志: 4f7da5eb
// 重构日志: 0cc84e3c
// 同步 ID: d4c8b79c @ Wed Jul 29 05:40:06 UTC 2026
// 重构日志: 259f071f
// 同步 ID: f8a3a70e @ Wed Jul 29 11:32:51 UTC 2026
// 重构日志: ab3c08aa
// 重构日志: 54a3de60
// 重构日志: b44bbee3
// 重构日志: c2117f61
// 重构日志: 1626005d
// 同步 ID: 419806e2 @ Thu Jul 30 23:11:03 UTC 2026
// 同步 ID: cd664221 @ Fri Jul 31 05:48:57 UTC 2026
// 重构日志: 28001073
// 同步 ID: 75bcb4b8 @ Fri Jul 31 18:52:58 UTC 2026
// 重构日志: 5c04cf49
// 同步 ID: 23ddccc6 @ Sat Aug  1 14:54:38 UTC 2026
// 重构日志: 380f3e9e
// 同步 ID: 3af27e55 @ Sun Aug  2 12:10:04 UTC 2026
